<?xml version="1.0" encoding="utf-8"?><testsuites name="pytest tests"><testsuite name="pytest" errors="0" failures="0" skipped="0" tests="141" time="4.535" timestamp="2026-04-23T10:49:45.675532-04:00" hostname="Morriss-MacBook-Pro.local"><testcase classname="tests.test_amboss" name="test_returns_one_parsed_question" file="tests/test_amboss.py" line="17" time="0.001" /><testcase classname="tests.test_amboss" name="test_question_is_nonempty" file="tests/test_amboss.py" line="22" time="0.001" /><testcase classname="tests.test_amboss" name="test_question_leading_number_stripped" file="tests/test_amboss.py" line="27" time="0.001" /><testcase classname="tests.test_amboss" name="test_correct_answer_contains_expected_text" file="tests/test_amboss.py" line="32" time="0.001" /><testcase classname="tests.test_amboss" name="test_correct_answer_prefixed" file="tests/test_amboss.py" line="37" time="0.001" /><testcase classname="tests.test_amboss" name="test_correct_answer_has_html_linebreak" file="tests/test_amboss.py" line="42" time="0.001" /><testcase classname="tests.test_amboss" name="test_explanation_is_nonempty" file="tests/test_amboss.py" line="47" time="0.001" /><testcase classname="tests.test_amboss" name="test_explanation_prefixed_with_linebreak" file="tests/test_amboss.py" line="52" time="0.001" /><testcase classname="tests.test_amboss" name="test_answer_list_is_empty_string" file="tests/test_amboss.py" line="57" time="0.001" /><testcase classname="tests.test_amboss" name="test_format_for_anki_tab_separated" file="tests/test_amboss.py" line="62" time="0.000" /><testcase classname="tests.test_amboss" name="test_format_for_anki_no_trailing_newline" file="tests/test_amboss.py" line="70" time="0.000" /><testcase classname="tests.test_amboss" name="test_fallback_fixture_explanation_extracted_via_semantic_class" file="tests/test_amboss.py" line="79" time="0.002" /><testcase classname="tests.test_apgo" name="test_returns_one_parsed_question" file="tests/test_apgo.py" line="17" time="0.001" /><testcase classname="tests.test_apgo" name="test_question_is_nonempty" file="tests/test_apgo.py" line="22" time="0.001" /><testcase classname="tests.test_apgo" name="test_question_leading_number_stripped" file="tests/test_apgo.py" line="27" time="0.001" /><testcase classname="tests.test_apgo" name="test_correct_answer_contains_expected_text" file="tests/test_apgo.py" line="32" time="0.001" /><testcase classname="tests.test_apgo" name="test_correct_answer_has_html_linebreak" file="tests/test_apgo.py" line="37" time="0.001" /><testcase classname="tests.test_apgo" name="test_answer_list_has_multiple_choices" file="tests/test_apgo.py" line="42" time="0.001" /><testcase classname="tests.test_apgo" name="test_answer_list_prefixed_with_linebreak" file="tests/test_apgo.py" line="48" time="0.001" /><testcase classname="tests.test_apgo" name="test_explanation_is_nonempty" file="tests/test_apgo.py" line="53" time="0.001" /><testcase classname="tests.test_apgo" name="test_image_paths_is_empty_list" file="tests/test_apgo.py" line="58" time="0.001" /><testcase classname="tests.test_apgo" name="test_format_for_anki_tab_separated" file="tests/test_apgo.py" line="63" time="0.000" /><testcase classname="tests.test_apgo" name="test_format_for_anki_no_trailing_newline" file="tests/test_apgo.py" line="71" time="0.000" /><testcase classname="tests.test_apgo" name="test_fallback_fixture_correct_answer_extracted_via_aria" file="tests/test_apgo.py" line="80" time="0.001" /><testcase classname="tests.test_cli" name="test_check_all_pass" file="tests/test_cli.py" line="13" time="0.005" /><testcase classname="tests.test_cli" name="test_check_missing_api_key" file="tests/test_cli.py" line="41" time="0.001" /><testcase classname="tests.test_cli" name="test_check_missing_input_dir" file="tests/test_cli.py" line="66" time="0.001" /><testcase classname="tests.test_cli" name="test_check_creates_missing_output_dir" file="tests/test_cli.py" line="90" time="0.001" /><testcase classname="tests.test_cli" name="test_api_key_guard_exits_cleanly" file="tests/test_cli.py" line="119" time="0.001" /><testcase classname="tests.test_cli" name="test_quiet_suppresses_traceback_on_heart_error" file="tests/test_cli.py" line="135" time="0.003" /><testcase classname="tests.test_cli" name="test_no_quiet_shows_traceback_on_heart_error" file="tests/test_cli.py" line="152" time="0.004" /><testcase classname="tests.test_cli" name="test_check_subcommand_dispatched" file="tests/test_cli.py" line="168" time="0.002" /><testcase classname="tests.test_cli" name="test_check_python_version_too_old" file="tests/test_cli.py" line="198" time="0.001" /><testcase classname="tests.test_cli" name="test_check_output_dir_creation_fails" file="tests/test_cli.py" line="227" time="0.002" /><testcase classname="tests.test_cli" name="test_check_output_dir_not_writable" file="tests/test_cli.py" line="255" time="0.002" /><testcase classname="tests.test_cli" name="test_serve_command_default_port" file="tests/test_cli.py" line="289" time="0.001" /><testcase classname="tests.test_cli" name="test_serve_subcommand_dispatched_from_main" file="tests/test_cli.py" line="302" time="0.000" /><testcase classname="tests.test_cli" name="test_generic_exception_handler" file="tests/test_cli.py" line="312" time="0.002" /><testcase classname="tests.test_cli" name="test_get_parser_uworld" file="tests/test_cli.py" line="330" time="0.000" /><testcase classname="tests.test_cli" name="test_get_parser_amboss" file="tests/test_cli.py" line="337" time="0.000" /><testcase classname="tests.test_cli" name="test_get_parser_apgo" file="tests/test_cli.py" line="344" time="0.000" /><testcase classname="tests.test_cli" name="test_get_parser_nbme" file="tests/test_cli.py" line="351" time="0.000" /><testcase classname="tests.test_cli" name="test_get_parser_unknown_platform" file="tests/test_cli.py" line="358" time="0.001" /><testcase classname="tests.test_core" name="test_enrichment_result_fields" file="tests/test_core.py" line="27" time="0.001" /><testcase classname="tests.test_core" name="test_enrichment_result_tags_are_list" file="tests/test_core.py" line="38" time="0.000" /><testcase classname="tests.test_core" name="test_enrichment_result_confidence_bounds" file="tests/test_core.py" line="48" time="0.000" /><testcase classname="tests.test_core" name="test_enrichment_result_markdown_rendered_to_html" file="tests/test_core.py" line="55" time="0.010" /><testcase classname="tests.test_core" name="test_generate_enrichment_returns_enrichment_result" file="tests/test_core.py" line="65" time="2.009" /><testcase classname="tests.test_core" name="test_card_usage_cost_usd" file="tests/test_core.py" line="96" time="0.001" /><testcase classname="tests.test_core" name="test_card_usage_cost_zero_tokens" file="tests/test_core.py" line="102" time="0.001" /><testcase classname="tests.test_core" name="test_run_pipeline_logs_per_card_debug" file="tests/test_core.py" line="107" time="0.009" /><testcase classname="tests.test_core" name="test_run_pipeline_logs_run_total_info" file="tests/test_core.py" line="136" time="0.004" /><testcase classname="tests.test_core" name="test_try_selectors_primary_match" file="tests/test_core.py" line="171" time="0.001" /><testcase classname="tests.test_core" name="test_try_selectors_fallback_match_logs_warning" file="tests/test_core.py" line="178" time="0.001" /><testcase classname="tests.test_core" name="test_try_selectors_all_fail_logs_warning" file="tests/test_core.py" line="191" time="0.001" /><testcase classname="tests.test_core" name="test_try_selectors_find_all_returns_list" file="tests/test_core.py" line="199" time="0.001" /><testcase classname="tests.test_core" name="test_try_selectors_find_all_all_fail_returns_empty_list" file="tests/test_core.py" line="210" time="0.001" /><testcase classname="tests.test_core" name="test_try_patterns_primary_match" file="tests/test_core.py" line="217" time="0.001" /><testcase classname="tests.test_core" name="test_try_patterns_fallback_match_logs_warning" file="tests/test_core.py" line="222" time="0.002" /><testcase classname="tests.test_core" name="test_try_patterns_all_fail_logs_warning" file="tests/test_core.py" line="233" time="0.001" /><testcase classname="tests.test_core" name="test_try_patterns_find_all_returns_list" file="tests/test_core.py" line="240" time="0.003" /><testcase classname="tests.test_core" name="test_format_for_anki_with_enrichment_result_tags" file="tests/test_core.py" line="254" time="0.000" /><testcase classname="tests.test_core" name="test_validate_enrichment_returns_result_and_usage_not_flagged" file="tests/test_core.py" line="269" time="0.002" /><testcase classname="tests.test_core" name="test_validate_enrichment_returns_flagged_true" file="tests/test_core.py" line="293" time="0.002" /><testcase classname="tests.test_core" name="test_run_pipeline_validate_off_skips_validation" file="tests/test_core.py" line="315" time="0.003" /><testcase classname="tests.test_core" name="test_run_pipeline_validate_on_calls_validation" file="tests/test_core.py" line="336" time="0.002" /><testcase classname="tests.test_core" name="test_run_pipeline_validate_flagged_appends_banner" file="tests/test_core.py" line="358" time="0.003" /><testcase classname="tests.test_core" name="test_run_pipeline_validate_flagged_logs_warning" file="tests/test_core.py" line="388" time="0.002" /><testcase classname="tests.test_core" name="test_generate_cloze_returns_result_and_usage" file="tests/test_core.py" line="418" time="0.002" /><testcase classname="tests.test_core" name="test_run_pipeline_format_cloze_calls_generate_cloze" file="tests/test_core.py" line="441" time="0.002" /><testcase classname="tests.test_core" name="test_run_pipeline_format_cloze_output_uses_cloze_stem" file="tests/test_core.py" line="463" time="0.002" /><testcase classname="tests.test_core" name="test_run_pipeline_format_choices_front_puts_answer_list_on_front" file="tests/test_core.py" line="491" time="0.002" /><testcase classname="tests.test_core" name="test_run_pipeline_format_choices_front_drops_answer_list_from_back" file="tests/test_core.py" line="514" time="0.002" /><testcase classname="tests.test_core" name="test_heart_error_is_base" file="tests/test_core.py" line="540" time="0.000" /><testcase classname="tests.test_core" name="test_heart_user_error_is_heart_error" file="tests/test_core.py" line="548" time="0.000" /><testcase classname="tests.test_core" name="test_heart_api_error_is_heart_error" file="tests/test_core.py" line="554" time="0.000" /><testcase classname="tests.test_core" name="test_heart_parse_error_is_heart_error" file="tests/test_core.py" line="559" time="0.000" /><testcase classname="tests.test_core" name="test_run_pipeline_raises_on_missing_api_key" file="tests/test_core.py" line="567" time="0.002" /><testcase classname="tests.test_core" name="test_run_pipeline_raises_on_missing_input_path" file="tests/test_core.py" line="578" time="0.001" /><testcase classname="tests.test_core" name="test_run_pipeline_raises_on_empty_html_directory" file="tests/test_core.py" line="591" time="0.002" /><testcase classname="tests.test_core" name="test_default_anki_media_path_macos" file="tests/test_core.py" line="605" time="0.000" /><testcase classname="tests.test_core" name="test_default_anki_media_path_windows" file="tests/test_core.py" line="614" time="0.001" /><testcase classname="tests.test_core" name="test_default_anki_media_path_linux" file="tests/test_core.py" line="623" time="0.000" /><testcase classname="tests.test_core" name="test_default_anki_media_path_no_home" file="tests/test_core.py" line="632" time="0.001" /><testcase classname="tests.test_nbme" name="test_returns_nonempty_list" file="tests/test_nbme.py" line="11" time="0.001" /><testcase classname="tests.test_nbme" name="test_extracts_correct_number_of_questions" file="tests/test_nbme.py" line="17" time="0.000" /><testcase classname="tests.test_nbme" name="test_question_is_nonempty" file="tests/test_nbme.py" line="22" time="0.000" /><testcase classname="tests.test_nbme" name="test_question_leading_number_stripped" file="tests/test_nbme.py" line="28" time="0.000" /><testcase classname="tests.test_nbme" name="test_correct_answer_format" file="tests/test_nbme.py" line="36" time="0.000" /><testcase classname="tests.test_nbme" name="test_correct_answer_has_html_linebreak" file="tests/test_nbme.py" line="44" time="0.000" /><testcase classname="tests.test_nbme" name="test_first_question_correct_answer_is_a" file="tests/test_nbme.py" line="50" time="0.000" /><testcase classname="tests.test_nbme" name="test_second_question_correct_answer_is_c" file="tests/test_nbme.py" line="55" time="0.000" /><testcase classname="tests.test_nbme" name="test_answer_list_is_nonempty" file="tests/test_nbme.py" line="60" time="0.000" /><testcase classname="tests.test_nbme" name="test_explanation_is_empty_string" file="tests/test_nbme.py" line="66" time="0.000" /><testcase classname="tests.test_nbme" name="test_image_paths_is_empty_list" file="tests/test_nbme.py" line="72" time="0.000" /><testcase classname="tests.test_nbme" name="test_format_for_anki_tab_separated" file="tests/test_nbme.py" line="78" time="0.000" /><testcase classname="tests.test_nbme" name="test_format_for_anki_no_trailing_newline" file="tests/test_nbme.py" line="86" time="0.000" /><testcase classname="tests.test_nbme" name="test_alt_fixture_uppercase_choices_parsed" file="tests/test_nbme.py" line="95" time="0.002" /><testcase classname="tests.test_nbme" name="test_alt_fixture_answers_header_fallback" file="tests/test_nbme.py" line="102" time="0.001" /><testcase classname="tests.test_server" name="test_index_redirects_to_setup_without_key" file="tests/test_server.py" line="27" time="0.012" /><testcase classname="tests.test_server" name="test_index_returns_200_with_key" file="tests/test_server.py" line="34" time="0.018" /><testcase classname="tests.test_server" name="test_setup_get_returns_200" file="tests/test_server.py" line="44" time="0.006" /><testcase classname="tests.test_server" name="test_setup_post_saves_key_and_redirects" file="tests/test_server.py" line="50" time="0.005" /><testcase classname="tests.test_server" name="test_setup_post_empty_key_still_redirects" file="tests/test_server.py" line="60" time="0.005" /><testcase classname="tests.test_server" name="test_run_no_files_returns_error" file="tests/test_server.py" line="72" time="0.015" /><testcase classname="tests.test_server" name="test_run_redirects_to_progress" file="tests/test_server.py" line="79" time="0.015" /><testcase classname="tests.test_server" name="test_progress_page_returns_200_for_known_run" file="tests/test_server.py" line="102" time="0.008" /><testcase classname="tests.test_server" name="test_progress_page_redirects_for_unknown_run" file="tests/test_server.py" line="115" time="0.004" /><testcase classname="tests.test_server" name="test_download_returns_file" file="tests/test_server.py" line="138" time="0.005" /><testcase classname="tests.test_server" name="test_download_404_for_unknown_run" file="tests/test_server.py" line="153" time="0.004" /><testcase classname="tests.test_server" name="test_download_404_when_file_missing" file="tests/test_server.py" line="158" time="0.004" /><testcase classname="tests.test_server" name="test_results_page_returns_200_for_known_run" file="tests/test_server.py" line="171" time="0.013" /><testcase classname="tests.test_server" name="test_results_page_redirects_for_unknown_run" file="tests/test_server.py" line="188" time="0.004" /><testcase classname="tests.test_server" name="test_results_page_shows_uworld_copy_button" file="tests/test_server.py" line="194" time="0.013" /><testcase classname="tests.test_server" name="test_results_page_hides_copy_button_for_nbme" file="tests/test_server.py" line="204" time="0.013" /><testcase classname="tests.test_server" name="test_copy_media_returns_404_for_unknown_run" file="tests/test_server.py" line="217" time="0.004" /><testcase classname="tests.test_server" name="test_global_error_handler_returns_500" file="tests/test_server.py" line="225" time="0.014" /><testcase classname="tests.test_server" name="test_copy_media_calls_copy_media_fn" file="tests/test_server.py" line="243" time="0.005" /><testcase classname="tests.test_server" name="test_run_nbme_uses_txt_file_as_input" file="tests/test_server.py" line="273" time="0.012" /><testcase classname="tests.test_server" name="test_worker_runs_pipeline_and_intercepts_all_message_types" file="tests/test_server.py" line="305" time="0.013" /><testcase classname="tests.test_server" name="test_worker_error_propagates_to_queue" file="tests/test_server.py" line="345" time="0.012" /><testcase classname="tests.test_server" name="test_stream_unknown_run_returns_empty_sse" file="tests/test_server.py" line="375" time="0.004" /><testcase classname="tests.test_server" name="test_stream_yields_queue_messages" file="tests/test_server.py" line="382" time="0.004" /><testcase classname="tests.test_server" name="test_copy_media_returns_400_when_default_path_unavailable" file="tests/test_server.py" line="409" time="0.004" /><testcase classname="tests.test_server" name="test_copy_media_uses_default_path_and_scans_images" file="tests/test_server.py" line="421" time="0.005" /><testcase classname="tests.test_server" name="test_copy_media_returns_400_when_media_folder_missing" file="tests/test_server.py" line="447" time="0.004" /><testcase classname="tests.test_uworld" name="test_returns_one_parsed_question" file="tests/test_uworld.py" line="17" time="0.001" /><testcase classname="tests.test_uworld" name="test_question_is_nonempty" file="tests/test_uworld.py" line="22" time="0.001" /><testcase classname="tests.test_uworld" name="test_question_leading_number_stripped" file="tests/test_uworld.py" line="27" time="0.001" /><testcase classname="tests.test_uworld" name="test_correct_answer_contains_expected_text" file="tests/test_uworld.py" line="32" time="0.001" /><testcase classname="tests.test_uworld" name="test_correct_answer_has_html_linebreak" file="tests/test_uworld.py" line="37" time="0.001" /><testcase classname="tests.test_uworld" name="test_answer_list_has_multiple_choices" file="tests/test_uworld.py" line="42" time="0.001" /><testcase classname="tests.test_uworld" name="test_answer_list_prefixed_with_linebreak" file="tests/test_uworld.py" line="48" time="0.001" /><testcase classname="tests.test_uworld" name="test_explanation_is_nonempty" file="tests/test_uworld.py" line="53" time="0.001" /><testcase classname="tests.test_uworld" name="test_image_paths_is_list" file="tests/test_uworld.py" line="58" time="0.001" /><testcase classname="tests.test_uworld" name="test_format_for_anki_tab_separated" file="tests/test_uworld.py" line="63" time="0.000" /><testcase classname="tests.test_uworld" name="test_format_for_anki_no_trailing_newline" file="tests/test_uworld.py" line="71" time="0.000" /><testcase classname="tests.test_uworld" name="test_format_for_anki_with_tags_adds_third_column" file="tests/test_uworld.py" line="76" time="0.000" /><testcase classname="tests.test_uworld" name="test_format_for_anki_empty_tags_omits_third_column" file="tests/test_uworld.py" line="83" time="0.000" /><testcase classname="tests.test_uworld" name="test_format_for_anki_none_tags_omits_third_column" file="tests/test_uworld.py" line="88" time="0.000" /><testcase classname="tests.test_uworld" name="test_fallback_fixture_correct_answer_extracted" file="tests/test_uworld.py" line="97" time="0.002" /></testsuite></testsuites>